                                          In House Testing
                                       Auburn Hills, Michigan
                                   CANISTER PRECONDITIONING SYSTEM
   
                                           DETAIL REPORT
   
   Job Number:    000115                        
   Station Description:       Station #5 
   Stn SysID:     CLE                           Stn Abreviation:   5
   Station:       5                             Vehicle No.:   
   Shift:         1                             Engineer:      
   Start Time:    17 Jan 2020  09:40:13         Start Op:      
   End Time:      17 Jan 2020  09:40:48         End Op:        
   Canister ID:   in vehicle
   Can Volume:    0.00 Liters                   Can Work Cap:  0.00 Grams
   
   COMMENTS:
   (None)
   
   
   LEAKTEST SETUP
   -------------------------------------------------------------------------------------------
   Target Pressure:         2.000 kPa           Pressure Tolerance:      1.000 kPa
   Deff Hold Duration:      4.000 sec           Press Hold Duration:     3.000 sec
                                                Timeout:                 4.000 sec
                                                Pressurize Timeout:      3.000 sec
                                                Deff Tolerance:          0.002 inch
   SG N2:                   0.967               Initial N2 Flow:         0.100 m3/s
                                                Report Interval:         1.000 sec
   
   Barometer at Process Start: 1012 mBar
   Barometer at Process End:   1013 mBar
   
   
   LEAKTEST DETAIL DATA
   -------------------------------------------------------------------------------------------
      Time       TestTime        Baro       N2 Flow    N2 Press     N2 Temp  
                                             (lpm)       (kPa)      (deg C)  
    09:40:13       0.797         1012        0.100       13.25     24.77164  
    09:40:14       1.438         1013        0.100       13.25     24.66521  
    09:40:14       1.797         1013        0.100       13.25     24.78847  
    09:40:15       2.797         1013        0.100       13.25     25.40716  
    09:40:16       3.828         1012        0.100       13.25     24.90232  
    09:40:17       4.828         1013        0.100       13.25     25.48915  
    09:40:18       5.828         1013        0.100       13.25     24.73162  
    09:40:19       6.828         1012        0.100       13.25     25.10357  
    09:40:20       7.797         1012        0.100       13.25     25.21906  
    09:40:21       8.797         1012        0.100       13.25     25.45346  
    09:40:22       9.797         1012        0.100       13.25     25.01528  
    09:40:23      10.813         1012        0.100       13.25     24.92911  
    09:40:24      11.813         1013        0.100       13.25     25.43112  
    09:40:25      12.813         1012        0.100       13.25     24.90946  
    09:40:26      13.813         1012        0.100       13.25     24.98877  
    09:40:27      14.813         1013        0.100       13.25     25.18803  
    09:40:28      15.813         1012        0.100       13.25     24.67965  
    09:40:29      16.813         1012        0.100       13.25     24.58988  
    09:40:30      17.813         1013        0.100       13.25     24.81972  
    09:40:31      18.828         1012        0.100       13.25     24.75547  
    09:40:32      19.828         1012        0.100       13.25     25.34713  
    09:40:33      20.828         1013        0.100       13.25     25.45257  
    09:40:34      21.828         1012        0.100       13.25     25.12222  
    09:40:35      22.828         1012        0.100       13.25     24.65741  
    09:40:36      23.828         1012        0.100       13.25     25.38521  
    09:40:37      24.828         1012        0.100       13.25     25.41638  
    09:40:38      25.828         1012        0.100       13.25     25.30925  
    09:40:39      26.797         1013        0.100       13.25     25.25707  
    09:40:40      27.797         1012        0.100       13.25     25.10424  
    09:40:41      28.797         1013        0.100       13.25     25.34214  
    09:40:42      29.797         1013        0.100       13.25     24.75602  
    09:40:43      30.797         1013        0.100       13.25     24.82779  
    09:40:44      31.813         1012        0.100       13.25     25.15592  
    09:40:45      32.797         1013        0.100       13.25      25.4187  
    09:40:46      33.797         1012        0.100       13.25     24.77451  
    09:40:47      34.813         1013        0.100       13.25      25.1838  
    09:40:48      35.797         1013        0.100       13.25     24.87265  
   
   
   ALARM DATA
   Date / Time                Comment
   17 Jan 2020  09:40:48    Reporting System / Data Collection Halted.
   
   OUT OF TOLERANCE DATA
   Date / Time                Comment
   17 Jan 2020  09:40:48    Nitrogen Flow OOT (SP=0.000 PV=0.004)
   
   
   EVENT LOG DATA
   Date / Time                Comment
   17 Jan 2020  09:40:50    Recipe completed.
   
   17 Jan 2020  09:40:48    << JOB COMPLETED ABNORMALLY >>
   
   CHECKED BY: ________________________________________
