                                          In House Testing
                                       Auburn Hills, Michigan
                                   CANISTER PRECONDITIONING SYSTEM
   
                                           DETAIL REPORT
   
   Job Number:    000039                        RemTaskID  :   
   Station Description:       CLB 
   Stn SysID:     CLB                           Stn Abreviation:   2
   Station:       2                             Vehicle No.:   
   Shift:         1                             Engineer:      
   Start Time:    16 Dec 2019  10:29:00         Start Op:      
   End Time:      16 Dec 2019  10:29:37         End Op:        
   Canister ID:   in vehicle
   Can Volume:    0.00 Liters                   Can Work Cap:  0.00 Grams
   
   COMMENTS:
   (None)
   
   
   LEAKTEST SETUP
   -------------------------------------------------------------------------------------------
   Target Pressure:         2.000 kPa           Pressure Tolerance:      1.000 kPa
   Deff Hold Duration:      180.000 sec         Press Hold Duration:     10.000 sec
                                                Timeout:                 1234.000 sec
                                                Pressurize Timeout:      300.000 sec
                                                Deff Tolerance:          0.002 inch
   SG N2:                   0.967               Initial N2 Flow:         0.100 m3/s
                                                Report Interval:         1.000 sec
   
   Barometer at Process Start: 1012 mBar
   Barometer at Process End:   1012 mBar
   
   
   LEAKTEST DETAIL DATA
   -------------------------------------------------------------------------------------------
      Time       TestTime        Baro       N2 Flow    N2 Press     N2 Temp  
                                             (lpm)       (kPa)      (deg C)  
    10:29:00       0.000         1012        0.100       13.25      25.0674  
    10:29:01       1.000         1012        0.100       13.25     25.00891  
    10:29:01       1.140         1012        0.100       13.25     25.06415  
    10:29:02       2.015         1013        0.100       13.25     24.90585  
    10:29:03       3.015         1013        0.100       13.25     25.01798  
    10:29:04       4.015         1012        0.100       13.25      24.9664  
    10:29:05       5.015         1013        0.100       13.25     25.04307  
    10:29:06       6.015         1013        0.100       13.25     24.50809  
    10:29:07       7.015         1013        0.100       13.25     25.16704  
    10:29:08       8.015         1012        0.100       13.25     25.25684  
    10:29:09       9.015         1013        0.100       13.25     25.44944  
    10:29:10      10.031         1012        0.100       13.25      25.0969  
    10:29:11      11.015         1013        0.100       13.25     24.87589  
    10:29:12      12.015         1013        0.100       13.25     24.91827  
    10:29:13      13.015         1013        0.100       13.25     25.18391  
    10:29:21      20.859         1012        0.100       13.25     24.58449  
    10:29:21      21.078         1013        0.100       13.25     24.88175  
    10:29:21      21.140         1013        0.100       13.25     25.30986  
    10:29:24      24.125         1013        0.100       13.25     25.30986  
    10:29:24      24.203         1013        0.100       13.25     24.90058  
    10:29:24      24.265         1013        0.100       13.25     24.90058  
    10:29:24      24.328         1013        0.100       13.25     25.48722  
    10:29:24      24.390         1012        0.100       13.25     24.99048  
    10:29:24      24.453         1012        0.100       13.25     25.10718  
    10:29:27      27.218         1012        0.100       13.25     25.10718  
    10:29:27      27.281         1013        0.100       13.25     24.90459  
    10:29:27      27.343         1013        0.100       13.25     25.29906  
    10:29:27      27.406         1012        0.100       13.25     25.31675  
    10:29:27      27.468         1012        0.100       13.25     25.31675  
    10:29:31      30.906         1012        0.100       13.25     24.99661  
    10:29:31      30.968         1012        0.100       13.25     24.99661  
    10:29:31      31.031         1013        0.100       13.25     24.72067  
    10:29:31      31.125         1013        0.100       13.25     25.37073  
    10:29:35      35.062         1012        0.100       13.25     25.26237  
    10:29:35      35.125         1012        0.100       13.25     25.26237  
    10:29:35      35.187         1012        0.100       13.25     24.97759  
    10:29:35      35.250         1012        0.100       13.25     24.54367  
    10:29:36      36.687         1012        0.100       13.25     25.41818  
    10:29:37      37.031         1012        0.100       13.25     25.09757  
   
   
   ALARM DATA
   (none)
   
   OUT OF TOLERANCE DATA
   (none)
   
   
   EVENT LOG DATA
   Date / Time                Comment
   16 Dec 2019  10:29:38    Recipe completed.
   
   16 Dec 2019  10:29:37    << JOB COMPLETED ABNORMALLY >>
   
   CHECKED BY: ________________________________________
