                                          In House Testing
                                       Auburn Hills, Michigan
                                   CANISTER PRECONDITIONING SYSTEM
   
                                           SUMMARY REPORT
   
   Job Number:    000115                        
   Station Description:       Station #5 
   Stn SysID:     CLE                           Stn Abreviation:   5
   Station:       5                             Vehicle No.:   
   Shift:         1                             Engineer:      
   Start Time:    17 Jan 2020  09:40:13         Start Op:      
   End Time:      17 Jan 2020  09:40:48         End Op:        
   Canister ID:   in vehicle
   Can Volume:    0.00 Liters                   Can Work Cap:  0.00 Grams
   
   COMMENTS:
   (None)
   
   
   LEAKTEST SETUP
   -------------------------------------------------------------------------------------------
   Target Pressure:         2.000 kPa           Pressure Tolerance:      1.000 kPa
   Deff Hold Duration:      4.000 sec           Press Hold Duration:     3.000 sec
                                                Timeout:                 4.000 sec
                                                Pressurize Timeout:      3.000 sec
                                                Deff Tolerance:          0.002 inch
   SG N2:                   0.967               Initial N2 Flow:         0.100 m3/s
                                                Report Interval:         1.000 sec
   
   Barometer at Process Start: 1012 mBar
   Barometer at Process End:   1013 mBar
   
   LEAKTEST SUMMARY
   -------------------------------------------------------------------------------------------
   Time        Eff. Dia.   Atm. Press  N2 Press    N2 Flow     N2 Temp     Comment
               (inches)    (kPa)       (kPa)       (m2/s)      (deg K)
   09:40:14    0.000       101.2744    114.5244    0.000       297.815     Start LeakTest
   09:40:48    0.00526     101.2906    114.5406    0.000       297.777     Stopped by Operator
   
   ALARM DATA
   Date / Time                Comment
   17 Jan 2020  09:40:48    Reporting System / Data Collection Halted.
   
   OUT OF TOLERANCE DATA
   Date / Time                Comment
   17 Jan 2020  09:40:48    Nitrogen Flow OOT (SP=0.000 PV=0.004)
   
   
   EVENT LOG DATA
   Date / Time                Comment
   17 Jan 2020  09:40:50    Recipe completed.
   
   17 Jan 2020  09:40:48    << JOB COMPLETED ABNORMALLY >>
   
   CHECKED BY: ________________________________________
